// Jest Snapshot v1, https://goo.gl/fbAQLP

exports[`listItem CRUD 1`] = `[Error: 404: {"message":"No list item was found with the id of ee08eae1-ae87-4077-834a-371f1625efb4"}]`;
